// Jest Snapshot v1, https://goo.gl/fbAQLP

exports[`EventListElement should render 1`] = `
<EventListElement__EventLink
  to="/augsburg/en/events/first_event"
>
  <EventListElement__EventThumbnail
    src="thumbnail"
  />
  <EventListElement__EventDescription>
    <EventListElement__EventTitle>
      first Event
    </EventListElement__EventTitle>
    <EventListElement__EventDate>
      <div>
        November 18, 2017
      </div>
      <div>
        address, postcode town
      </div>
    </EventListElement__EventDate>
    <RemoteContent
      centered={false}
      dangerouslySetInnerHTML={
        Object {
          "__html": "excerpt...",
        }
      }
      onInternLinkClick={[Function]}
    />
  </EventListElement__EventDescription>
</EventListElement__EventLink>
`;
