// Jest Snapshot v1, https://goo.gl/fbAQLP

exports[`Breadcrumbs should render and match snapshot 1`] = `
<HelmetWrapper
  defer={true}
  encodeSpecialCharacters={true}
>
  <script
    type="application/ld+json"
  >
    {"@context":"https://schema.org","@type":"BreadcrumbList","itemListElement":[{"@type":"ListItem","position":1,"name":"Home","item":"/"},{"@type":"ListItem","position":2,"name":"Subcategory","item":"/sub"},{"@type":"ListItem","position":3,"name":"ThisSite","item":"/sub/current"}]}
  </script>
</HelmetWrapper>
`;
