// Jest Snapshot v1, https://goo.gl/fbAQLP

exports[`GeneralHeader should match snapshot 1`] = `
<withPlatform(Header)
  actionItems={
    Array [
      <HeaderActionItemLink
        href="/"
        iconSrc="test-file-stub"
        text="layout:changeLocation"
      />,
    ]
  }
  logoHref="/"
  onStickyTopChanged={[Function]}
  viewportSmall={true}
/>
`;
