// Jest Snapshot v1, https://goo.gl/fbAQLP

exports[`I18nRedirect should create correct store and pass it to Provider 1`] = `
Object {
  "currentPath": "/augsburg/",
  "redirect": [Function],
}
`;
