// Jest Snapshot v1, https://goo.gl/fbAQLP

exports[`HeaderDropDown should match snapshot 1`] = `
<span>
  <img
    onClick={[Function]}
    src="/someImg"
  />
  <div
    className="dropDown"
  >
    <MockNode
      closeDropDownCallback={[Function]}
    />
  </div>
</span>
`;
