// Jest Snapshot v1, https://goo.gl/fbAQLP

exports[`HeaderNavigationBar should match snapshot 1`] = `
<div
  className="testClass navigationBar"
>
  <HeaderNavigationItem
    active={true}
    href={
      Object {
        "type": "RANDOM_ROUTE",
      }
    }
    selected={true}
    text="text1"
  />
  <HeaderNavigationItem
    active={false}
    href={
      Object {
        "type": "ANOTHER_ROUTE",
      }
    }
    selected={false}
    text="text2"
    tooltip="tooltip1"
  />
</div>
`;
