// Jest Snapshot v1, https://goo.gl/fbAQLP

exports[`ExtrasPage should render a ExtraNotFoundError if there is an extraId 1`] = `
<FailureSwitcher
  error={[Error: The extra invalid_extra does not exist here.]}
/>
`;

exports[`ExtrasPage should render extra tiles if no extra is selected 1`] = `
<Tiles
  tiles={
    Array [
      TileModel {
        "_isExternalUrl": false,
        "_path": "/augsburg/de/extras/sprungbrett",
        "_postData": null,
        "_thumbnail": "xy",
        "_title": "Sprungbrett",
      },
      TileModel {
        "_isExternalUrl": true,
        "_path": "ihk-jobborese.com",
        "_postData": Map {
          "partner" => "0006",
          "radius" => "50",
          "plz" => "86150",
        },
        "_thumbnail": "xy",
        "_title": "Jobboerse",
      },
      TileModel {
        "_isExternalUrl": true,
        "_path": "ihk-pratkitkumsboerse.com",
        "_postData": null,
        "_thumbnail": "xy",
        "_title": "Praktikumsboerse",
      },
    ]
  }
  title="offers"
/>
`;
