// Jest Snapshot v1, https://goo.gl/fbAQLP

exports[`PdfButton should render 1`] = `
<a
  className="pdfWrapper"
  href="/augsburg/de"
  target="_blank"
>
  <FontAwesome
    name="file-pdf-o"
  />
</a>
`;
