// Jest Snapshot v1, https://goo.gl/fbAQLP

exports[`FeedbackBox should match snapshot 1`] = `
<FeedbackBox__StyledFeedbackBox>
  <ModalHeader
    closeFeedbackModal={[Function]}
    t={[Function]}
    title="feedback"
  />
  <FeedbackBox__Description>
    feedbackType
  </FeedbackBox__Description>
  <Dropdown
    items={
      Array [
        FeedbackVariant {
          "alias": undefined,
          "feedbackCategory": "Inhalte",
          "feedbackType": "categories",
          "label": "label",
          "value": "label",
        },
      ]
    }
    onOptionChanged={[Function]}
    selectedItem={
      FeedbackVariant {
        "alias": undefined,
        "feedbackCategory": "Inhalte",
        "feedbackType": "categories",
        "label": "label",
        "value": "label",
      }
    }
    theme={
      Object {
        "colors": Object {
          "backgroundAccentColor": "#fafafa",
          "backgroundColor": "#ffffff",
          "textColor": "#000000",
          "textDecorationColor": "#c7c7c7",
          "textDisabledColor": "#d0d0d0",
          "textSecondaryColor": "#585858",
          "themeColor": "#fbda16",
          "tunewsThemeColor": "#007aa8",
          "tunewsThemeColorLight": "rgba(0, 122, 168, 0.4)",
        },
        "dimensions": Object {
          "headerHeightLarge": 85,
          "headerHeightSmall": 55,
          "maxWidth": 1100,
          "minMaxWidth": "screen and (min-width: 1100px)",
          "smallViewport": "(max-width: 750px)",
          "toolbarWidth": 125,
        },
        "fonts": Object {
          "contentFontFamily": "'Open Sans', 'Lateef', sans-serif",
          "contentFontSize": "0.95rem",
          "contentLineHeight": 1.4,
          "decorativeFontFamily": "'Raleway', 'Lateef', sans-serif",
          "decorativeFontSize": "0.95rem",
          "decorativeLineHeight": 1.3,
          "fontSizeAdjust": 0.55,
          "standardParagraphMargin": "0.75rem",
          "subTitleFontSize": "1.8rem",
        },
        "helpers": Object {
          "removeLinkHighlighting": "
    color: inherit;
    text-decoration: none;
  ",
        },
      }
    }
  />
  <FeedbackComment
    comment=""
    commentMessage="negativeComment"
    onCommentChanged={[Function]}
    required={true}
  />
  <TextButton
    disabled={true}
    onClick={[Function]}
    text="send"
  />
</FeedbackBox__StyledFeedbackBox>
`;
