// Jest Snapshot v1, https://goo.gl/fbAQLP

exports[`CategoriesMapModel should find category by id 1`] = `"No category with the given id '1234567'"`;

exports[`CategoriesMapModel should get the right categories and normalize urls 1`] = `"No category with the given url '/test/url'"`;
